[2026-05-21T20:14:13Z] starting scheduled release in /home/miro/IOAA-Website/astro
[2026-05-21T20:14:13Z] detected local changes to commit
[2026-05-21T20:14:13Z] fetching remote metadata
[2026-05-21T20:14:14Z] staging and committing changes
[2026-05-21T20:14:14Z] pushing to origin/master
[2026-05-21T20:14:16Z] release finished successfully at commit b60cb8fc6414253ba220df277ab7b17f51a41229
[2026-05-21T20:28:23Z] starting scheduled release in /home/miro/IOAA-Website/astro
[2026-05-21T20:28:23Z] detected local changes to commit
[2026-05-21T20:28:23Z] fetching remote metadata
[2026-05-21T20:28:25Z] staging and committing changes
[2026-05-21T20:28:25Z] pushing to origin/master
[2026-05-21T20:28:27Z] release finished successfully at commit 0ddcdc6bcfe6411db1746b20e212703a4b8e68f6
[2026-05-21T20:35:23Z] starting scheduled release in /home/miro/IOAA-Website/astro
[2026-05-21T20:35:23Z] detected local changes to commit
[2026-05-21T20:35:23Z] fetching remote metadata
[2026-05-21T20:35:25Z] staging and committing changes
[2026-05-21T20:35:25Z] pushing to origin/master
[2026-05-21T20:35:27Z] release finished successfully at commit 6ae8388eaa76e8322c26e5174ea0a6aae0cc7439
[2026-05-23T07:00:23Z] starting scheduled release in /home/miro/IOAA-Website/astro
[2026-05-23T07:00:23Z] detected local changes to commit
[2026-05-23T07:00:23Z] fetching remote metadata
[2026-05-23T07:00:25Z] staging and committing changes
[2026-05-23T07:00:25Z] pushing to origin/master
[2026-05-23T07:00:29Z] release finished successfully at commit af957d375f42611f75f0af5d17c5747b3f7b6869
